// Jest Snapshot v1, https://goo.gl/fbAQLP

exports[`test debug window app 1`] = `
<div>
  hello world
</div>
`;

exports[`test debug window app 2`] = `
Array [
  "%cplume2@1.2.4ðŸš€",
  "Store init ðŸš€",
  "Actor:reduce LoadingActor",
  "Actor:reduce HelloActor",
  "StoreProvider(DebugApp) will mount ðŸš€",
]
`;
