// Jest Snapshot v1, https://goo.gl/fbAQLP

exports[`relax test suite dispatch event 1`] = `
<div>
  <div>
    hello plume
  </div>
</div>
`;

exports[`relax test suite initial render relax 1`] = `
<div>
  <div />
  <div>
    hello world!
  </div>
</div>
`;

exports[`relax test suite initial render relax 2`] = `
Array [
  "%cplume2@1.2.4ðŸš€",
  "Store init ðŸš€",
  "Actor:reduce LoadingActor",
  "Actor:reduce HelloActor",
  "StoreProvider(HelloApp) will mount ðŸš€",
  "ðŸ”¥:tracing: QL(loadingQL)",
  "dep:loading, cache:false, value:false",
  "QL(loadingQL)|> false",
  "ðŸ”¥:tracing: QL(mottQL)",
  "ðŸ”¥:tracing: QL(loadingQL)",
  "dep:loading, cache:true, value:false",
  "ðŸš€:QL(loadingQL), cache: true, result: false",
  "dep:loadingQL, cache:false,value:false",
  "dep:mott, cache:false, value:\\"hello world!\\"",
  "QL(mottQL)|> {
  \\"loading\\": false,
  \\"mott\\": \\"hello world!\\"
}",
  "Relax(HelloRelax) willMount rx store true ðŸš€",
  "props => {
  \\"relaxProps\\": {
    \\"loading\\": false,
    \\"mott\\": \\"hello world!\\",
    \\"loadingQL\\": false,
    \\"mottQL\\": {
      \\"loading\\": false,
      \\"mott\\": \\"hello world!\\"
    },
    \\"loadingPQL\\": \\"store@loadingPQL\\"
  }
}",
  "ðŸ”¥:tracing: QL(loadingPQL)",
  "dep:mott, cache:false, value:\\"hello world!\\"",
  "QL(loadingPQL)|> \\"hello world!\\"",
]
`;

exports[`relax test suite test app relaxprops 1`] = `
<div>
  <div />
  <div>
    hello world!
  </div>
</div>
`;

exports[`relax test suite test app relaxprops 2`] = `
Array [
  "%cplume2@1.2.4ðŸš€",
  "Store init ðŸš€",
  "Actor:reduce LoadingActor",
  "Actor:reduce HelloActor",
  "StoreProvider(TestApp) will mount ðŸš€",
  "ðŸ”¥:tracing: QL(loadingQL)",
  "dep:loading, cache:false, value:false",
  "QL(loadingQL)|> false",
  "ðŸ”¥:tracing: QL(mottQL)",
  "ðŸ”¥:tracing: QL(loadingQL)",
  "dep:loading, cache:true, value:false",
  "ðŸš€:QL(loadingQL), cache: true, result: false",
  "dep:loadingQL, cache:false,value:false",
  "dep:mott, cache:false, value:\\"hello world!\\"",
  "QL(mottQL)|> {
  \\"loading\\": false,
  \\"mott\\": \\"hello world!\\"
}",
  "Relax(WorldRelax) willMount rx store true ðŸš€",
  "props => {
  \\"relaxProps\\": {
    \\"loading\\": false,
    \\"mott\\": \\"hello world!\\",
    \\"loadingQL\\": false,
    \\"mottQL\\": {
      \\"loading\\": false,
      \\"mott\\": \\"hello world!\\"
    },
    \\"loadingPQL\\": \\"store@loadingPQL\\"
  }
}",
  "ðŸ”¥:tracing: QL(loadingPQL)",
  "dep:mott, cache:false, value:\\"hello world!\\"",
  "QL(loadingPQL)|> \\"hello world!\\"",
]
`;
