// Jest Snapshot v1, https://goo.gl/fbAQLP

exports[`test output include warning 1`] = `
<div>
  <div>
    hello
  </div>
  <div>
    hello
  </div>
  <div>
    hello
  </div>
  <div>
    hello
  </div>
  <div>
    hello
  </div>
  <div>
    hello
  </div>
  <div>
    hello
  </div>
  <div>
    hello
  </div>
  <div>
    hello
  </div>
  <div>
    hello
  </div>
  <div>
    hello
  </div>
  <div>
    hello
  </div>
  <div>
    hello
  </div>
  <div>
    hello
  </div>
  <div>
    hello
  </div>
  <div>
    hello
  </div>
  <div>
    hello
  </div>
  <div>
    hello
  </div>
  <div>
    hello
  </div>
  <div>
    hello
  </div>
</div>
`;

exports[`test output include warning 2`] = `
Array [
  "%cplume2@1.2.4ðŸš€",
  "Store init ðŸš€",
  "Actor:reduce HelloActor",
  "StoreProvider(Home) will mount ðŸš€",
  "Relax(Test) willMount rx store false ðŸš€",
  "props => {
  \\"relaxProps\\": {}
}",
  "Relax(Test) willMount rx store false ðŸš€",
  "props => {
  \\"relaxProps\\": {}
}",
  "Relax(Test) willMount rx store false ðŸš€",
  "props => {
  \\"relaxProps\\": {}
}",
  "Relax(Test) willMount rx store false ðŸš€",
  "props => {
  \\"relaxProps\\": {}
}",
  "Relax(Test) willMount rx store false ðŸš€",
  "props => {
  \\"relaxProps\\": {}
}",
  "Relax(Test) willMount rx store false ðŸš€",
  "props => {
  \\"relaxProps\\": {}
}",
  "Relax(Test) willMount rx store false ðŸš€",
  "props => {
  \\"relaxProps\\": {}
}",
  "Relax(Test) willMount rx store false ðŸš€",
  "props => {
  \\"relaxProps\\": {}
}",
  "Relax(Test) willMount rx store false ðŸš€",
  "props => {
  \\"relaxProps\\": {}
}",
  "Relax(Test) willMount rx store false ðŸš€",
  "props => {
  \\"relaxProps\\": {}
}",
  "Relax(Test) willMount rx store false ðŸš€",
  "props => {
  \\"relaxProps\\": {}
}",
  "Relax(Test) willMount rx store false ðŸš€",
  "props => {
  \\"relaxProps\\": {}
}",
  "Relax(Test) willMount rx store false ðŸš€",
  "props => {
  \\"relaxProps\\": {}
}",
  "Relax(Test) willMount rx store false ðŸš€",
  "props => {
  \\"relaxProps\\": {}
}",
  "Relax(Test) willMount rx store false ðŸš€",
  "props => {
  \\"relaxProps\\": {}
}",
  "Relax(Test) willMount rx store false ðŸš€",
  "props => {
  \\"relaxProps\\": {}
}",
  "Relax(Test) willMount rx store false ðŸš€",
  "props => {
  \\"relaxProps\\": {}
}",
  "Relax(Test) willMount rx store false ðŸš€",
  "props => {
  \\"relaxProps\\": {}
}",
  "Relax(Test) willMount rx store false ðŸš€",
  "props => {
  \\"relaxProps\\": {}
}",
  "Relax(Test) willMount rx store false ðŸš€",
  "props => {
  \\"relaxProps\\": {}
}",
]
`;
